Epoch 001 | TrainLoss 1.8958 Acc 0.5314 | ValLoss 0.8028 Acc 0.5806 | Best 0.5806
Epoch 002 | TrainLoss 0.6419 Acc 0.6743 | ValLoss 0.6812 Acc 0.5161 | Best 0.5806
Epoch 003 | TrainLoss 0.5792 Acc 0.7371 | ValLoss 0.7304 Acc 0.5806 | Best 0.5806
Epoch 004 | TrainLoss 0.5254 Acc 0.7771 | ValLoss 0.6923 Acc 0.5806 | Best 0.5806
Epoch 005 | TrainLoss 0.4651 Acc 0.8229 | ValLoss 0.5671 Acc 0.6774 | Best 0.6774
Epoch 006 | TrainLoss 0.4663 Acc 0.8457 | ValLoss 0.5288 Acc 0.6774 | Best 0.6774
Epoch 007 | TrainLoss 0.4297 Acc 0.8514 | ValLoss 0.5607 Acc 0.7419 | Best 0.7419
Epoch 008 | TrainLoss 0.4499 Acc 0.8457 | ValLoss 0.5152 Acc 0.7742 | Best 0.7742
Epoch 009 | TrainLoss 0.3714 Acc 0.8971 | ValLoss 0.4973 Acc 0.7419 | Best 0.7742
Epoch 010 | TrainLoss 0.3270 Acc 0.9429 | ValLoss 0.4685 Acc 0.7742 | Best 0.7742
Epoch 011 | TrainLoss 0.2815 Acc 0.9714 | ValLoss 0.4353 Acc 0.7742 | Best 0.7742
Epoch 012 | TrainLoss 0.2616 Acc 0.9771 | ValLoss 0.4521 Acc 0.8387 | Best 0.8387
Epoch 013 | TrainLoss 0.2531 Acc 0.9829 | ValLoss 0.4263 Acc 0.8387 | Best 0.8387
Epoch 014 | TrainLoss 0.2453 Acc 0.9829 | ValLoss 0.4794 Acc 0.8387 | Best 0.8387
Epoch 015 | TrainLoss 0.2526 Acc 0.9714 | ValLoss 0.4243 Acc 0.8065 | Best 0.8387
Epoch 016 | TrainLoss 0.2332 Acc 0.9943 | ValLoss 0.4032 Acc 0.8710 | Best 0.8710
Epoch 017 | TrainLoss 0.2284 Acc 1.0000 | ValLoss 0.3804 Acc 0.8710 | Best 0.8710
Epoch 018 | TrainLoss 0.2396 Acc 0.9886 | ValLoss 0.3640 Acc 0.9032 | Best 0.9032
Epoch 019 | TrainLoss 0.2283 Acc 0.9943 | ValLoss 0.4156 Acc 0.8710 | Best 0.9032
Epoch 020 | TrainLoss 0.2216 Acc 1.0000 | ValLoss 0.4334 Acc 0.8387 | Best 0.9032
Epoch 021 | TrainLoss 0.2195 Acc 1.0000 | ValLoss 0.4488 Acc 0.8387 | Best 0.9032
Epoch 022 | TrainLoss 0.2254 Acc 1.0000 | ValLoss 0.4347 Acc 0.8387 | Best 0.9032
Epoch 023 | TrainLoss 0.2272 Acc 0.9886 | ValLoss 0.5366 Acc 0.8065 | Best 0.9032
Epoch 024 | TrainLoss 0.2198 Acc 1.0000 | ValLoss 0.4298 Acc 0.8387 | Best 0.9032
Epoch 025 | TrainLoss 0.2173 Acc 1.0000 | ValLoss 0.3855 Acc 0.8387 | Best 0.9032
Epoch 026 | TrainLoss 0.2201 Acc 0.9943 | ValLoss 0.4134 Acc 0.8387 | Best 0.9032
Epoch 027 | TrainLoss 0.2162 Acc 1.0000 | ValLoss 0.4366 Acc 0.8387 | Best 0.9032
Epoch 028 | TrainLoss 0.2121 Acc 1.0000 | ValLoss 0.4359 Acc 0.8387 | Best 0.9032
Epoch 029 | TrainLoss 0.2159 Acc 1.0000 | ValLoss 0.4150 Acc 0.8387 | Best 0.9032
Epoch 030 | TrainLoss 0.2116 Acc 1.0000 | ValLoss 0.4108 Acc 0.8387 | Best 0.9032
Epoch 031 | TrainLoss 0.2179 Acc 1.0000 | ValLoss 0.4124 Acc 0.8387 | Best 0.9032
Epoch 032 | TrainLoss 0.2135 Acc 1.0000 | ValLoss 0.4471 Acc 0.8387 | Best 0.9032
Epoch 001 | TrainLoss 0.6679 Acc 0.5771 | ValLoss 0.6707 Acc 0.5484 | Best 0.5484
Epoch 002 | TrainLoss 0.5291 Acc 0.7657 | ValLoss 0.6284 Acc 0.6129 | Best 0.6129
Epoch 003 | TrainLoss 0.4233 Acc 0.8514 | ValLoss 0.5771 Acc 0.7097 | Best 0.7097
Epoch 004 | TrainLoss 0.3525 Acc 0.9029 | ValLoss 0.5134 Acc 0.7097 | Best 0.7097
Epoch 005 | TrainLoss 0.3024 Acc 0.9657 | ValLoss 0.4960 Acc 0.7419 | Best 0.7419
Epoch 006 | TrainLoss 0.2577 Acc 0.9829 | ValLoss 0.5269 Acc 0.7419 | Best 0.7419
Epoch 007 | TrainLoss 0.2472 Acc 0.9886 | ValLoss 0.4872 Acc 0.8710 | Best 0.8710
Epoch 008 | TrainLoss 0.2339 Acc 1.0000 | ValLoss 0.4932 Acc 0.8387 | Best 0.8710
Epoch 009 | TrainLoss 0.2329 Acc 0.9943 | ValLoss 0.5488 Acc 0.8065 | Best 0.8710
Epoch 010 | TrainLoss 0.2292 Acc 1.0000 | ValLoss 0.3961 Acc 0.8710 | Best 0.8710
Epoch 011 | TrainLoss 0.2350 Acc 1.0000 | ValLoss 0.5179 Acc 0.8387 | Best 0.8710
Epoch 012 | TrainLoss 0.2340 Acc 0.9943 | ValLoss 0.5445 Acc 0.7742 | Best 0.8710
Epoch 013 | TrainLoss 0.2256 Acc 1.0000 | ValLoss 0.7201 Acc 0.6452 | Best 0.8710
Epoch 014 | TrainLoss 0.2226 Acc 1.0000 | ValLoss 0.5380 Acc 0.8065 | Best 0.8710
Epoch 015 | TrainLoss 0.2164 Acc 1.0000 | ValLoss 0.5578 Acc 0.7742 | Best 0.8710
Epoch 016 | TrainLoss 0.2117 Acc 1.0000 | ValLoss 0.4572 Acc 0.8710 | Best 0.8710
Epoch 017 | TrainLoss 0.2136 Acc 1.0000 | ValLoss 0.4800 Acc 0.8387 | Best 0.8710
Epoch 018 | TrainLoss 0.2156 Acc 1.0000 | ValLoss 0.4526 Acc 0.8710 | Best 0.8710
Epoch 019 | TrainLoss 0.2097 Acc 1.0000 | ValLoss 0.4452 Acc 0.8710 | Best 0.8710
Epoch 020 | TrainLoss 0.2072 Acc 1.0000 | ValLoss 0.4719 Acc 0.8387 | Best 0.8710
Epoch 021 | TrainLoss 0.2091 Acc 1.0000 | ValLoss 0.4387 Acc 0.8710 | Best 0.8710
Epoch 001 | TrainLoss 0.6368 Acc 0.6457 | ValLoss 0.6618 Acc 0.6452 | Best 0.6452
Epoch 002 | TrainLoss 0.4727 Acc 0.8171 | ValLoss 0.6365 Acc 0.7097 | Best 0.7097
Epoch 003 | TrainLoss 0.4154 Acc 0.8514 | ValLoss 0.6491 Acc 0.5484 | Best 0.7097
Epoch 004 | TrainLoss 0.3833 Acc 0.9143 | ValLoss 0.5015 Acc 0.7419 | Best 0.7419
Epoch 005 | TrainLoss 0.3304 Acc 0.9200 | ValLoss 0.5561 Acc 0.7097 | Best 0.7419
Epoch 006 | TrainLoss 0.3180 Acc 0.9429 | ValLoss 0.5382 Acc 0.7097 | Best 0.7419
Epoch 007 | TrainLoss 0.2775 Acc 0.9771 | ValLoss 0.4287 Acc 0.8387 | Best 0.8387
Epoch 008 | TrainLoss 0.2466 Acc 0.9886 | ValLoss 0.5552 Acc 0.7419 | Best 0.8387
Epoch 009 | TrainLoss 0.2416 Acc 1.0000 | ValLoss 0.4540 Acc 0.8065 | Best 0.8387
Epoch 010 | TrainLoss 0.2280 Acc 1.0000 | ValLoss 0.5355 Acc 0.6774 | Best 0.8387
Epoch 011 | TrainLoss 0.2209 Acc 1.0000 | ValLoss 0.4977 Acc 0.7742 | Best 0.8387
Epoch 012 | TrainLoss 0.2158 Acc 1.0000 | ValLoss 0.4839 Acc 0.8387 | Best 0.8387
Epoch 013 | TrainLoss 0.2167 Acc 1.0000 | ValLoss 0.4757 Acc 0.7742 | Best 0.8387
Epoch 014 | TrainLoss 0.2137 Acc 1.0000 | ValLoss 0.5409 Acc 0.6452 | Best 0.8387
Epoch 015 | TrainLoss 0.2111 Acc 1.0000 | ValLoss 0.4810 Acc 0.7742 | Best 0.8387
Epoch 016 | TrainLoss 0.2093 Acc 1.0000 | ValLoss 0.5610 Acc 0.7097 | Best 0.8387
Epoch 017 | TrainLoss 0.2088 Acc 1.0000 | ValLoss 0.5046 Acc 0.7097 | Best 0.8387
Epoch 018 | TrainLoss 0.2076 Acc 1.0000 | ValLoss 0.5145 Acc 0.6774 | Best 0.8387
Epoch 019 | TrainLoss 0.2075 Acc 1.0000 | ValLoss 0.4908 Acc 0.7742 | Best 0.8387
Epoch 020 | TrainLoss 0.2077 Acc 1.0000 | ValLoss 0.5042 Acc 0.7742 | Best 0.8387
Epoch 021 | TrainLoss 0.2081 Acc 1.0000 | ValLoss 0.5092 Acc 0.6774 | Best 0.8387
Epoch 001 | TrainLoss 0.7002 Acc 0.6114 | ValLoss 0.6574 Acc 0.5806 | Best 0.5806
Epoch 002 | TrainLoss 0.5577 Acc 0.7829 | ValLoss 0.6164 Acc 0.7097 | Best 0.7097
Epoch 003 | TrainLoss 0.4891 Acc 0.8171 | ValLoss 0.5592 Acc 0.6774 | Best 0.7097
Epoch 004 | TrainLoss 0.3963 Acc 0.8971 | ValLoss 0.6213 Acc 0.6129 | Best 0.7097
Epoch 005 | TrainLoss 0.3195 Acc 0.9371 | ValLoss 0.5299 Acc 0.7742 | Best 0.7742
Epoch 006 | TrainLoss 0.3113 Acc 0.9429 | ValLoss 0.6252 Acc 0.7097 | Best 0.7742
Epoch 007 | TrainLoss 0.2815 Acc 0.9657 | ValLoss 0.4519 Acc 0.8387 | Best 0.8387
Epoch 008 | TrainLoss 0.2848 Acc 0.9829 | ValLoss 0.5491 Acc 0.8065 | Best 0.8387
Epoch 001 | TrainLoss 1.8952 Acc 0.5314 | ValLoss 0.8022 Acc 0.5806 | Best 0.5806
Epoch 002 | TrainLoss 0.6417 Acc 0.6743 | ValLoss 0.6825 Acc 0.5161 | Best 0.5806
Epoch 003 | TrainLoss 0.5796 Acc 0.7371 | ValLoss 0.7320 Acc 0.5806 | Best 0.5806
Epoch 004 | TrainLoss 0.5249 Acc 0.7771 | ValLoss 0.6955 Acc 0.5806 | Best 0.5806
Epoch 005 | TrainLoss 0.4669 Acc 0.8286 | ValLoss 0.5581 Acc 0.7097 | Best 0.7097
Epoch 006 | TrainLoss 0.4579 Acc 0.8400 | ValLoss 0.5114 Acc 0.6774 | Best 0.7097
Epoch 007 | TrainLoss 0.4392 Acc 0.8686 | ValLoss 0.5164 Acc 0.7419 | Best 0.7419
Epoch 008 | TrainLoss 0.4177 Acc 0.8629 | ValLoss 0.4813 Acc 0.8065 | Best 0.8065
Epoch 009 | TrainLoss 0.3689 Acc 0.8914 | ValLoss 0.4852 Acc 0.7742 | Best 0.8065
Epoch 010 | TrainLoss 0.3465 Acc 0.9543 | ValLoss 0.5076 Acc 0.7419 | Best 0.8065
Epoch 011 | TrainLoss 0.2871 Acc 0.9543 | ValLoss 0.4559 Acc 0.7742 | Best 0.8065
Epoch 012 | TrainLoss 0.2566 Acc 0.9714 | ValLoss 0.4370 Acc 0.8710 | Best 0.8710
Epoch 013 | TrainLoss 0.2603 Acc 0.9829 | ValLoss 0.3740 Acc 0.9032 | Best 0.9032
Epoch 014 | TrainLoss 0.2598 Acc 0.9657 | ValLoss 0.4352 Acc 0.8387 | Best 0.9032
Epoch 015 | TrainLoss 0.2431 Acc 0.9886 | ValLoss 0.4251 Acc 0.8710 | Best 0.9032
Epoch 016 | TrainLoss 0.2316 Acc 0.9943 | ValLoss 0.4082 Acc 0.8710 | Best 0.9032
Epoch 017 | TrainLoss 0.2221 Acc 1.0000 | ValLoss 0.4091 Acc 0.8387 | Best 0.9032
Epoch 018 | TrainLoss 0.2305 Acc 0.9943 | ValLoss 0.3899 Acc 0.8387 | Best 0.9032
Epoch 019 | TrainLoss 0.2259 Acc 0.9943 | ValLoss 0.3746 Acc 0.9032 | Best 0.9032
Epoch 020 | TrainLoss 0.2209 Acc 1.0000 | ValLoss 0.3741 Acc 0.8710 | Best 0.9032
Epoch 021 | TrainLoss 0.2174 Acc 1.0000 | ValLoss 0.4044 Acc 0.8710 | Best 0.9032
Epoch 022 | TrainLoss 0.2248 Acc 1.0000 | ValLoss 0.4487 Acc 0.8387 | Best 0.9032
Epoch 023 | TrainLoss 0.2138 Acc 1.0000 | ValLoss 0.5584 Acc 0.7742 | Best 0.9032
Epoch 024 | TrainLoss 0.2138 Acc 1.0000 | ValLoss 0.4451 Acc 0.8387 | Best 0.9032
Epoch 025 | TrainLoss 0.2165 Acc 1.0000 | ValLoss 0.4151 Acc 0.8387 | Best 0.9032
Epoch 026 | TrainLoss 0.2174 Acc 0.9943 | ValLoss 0.4128 Acc 0.8387 | Best 0.9032
Epoch 027 | TrainLoss 0.2145 Acc 1.0000 | ValLoss 0.4481 Acc 0.8387 | Best 0.9032
Epoch 001 | TrainLoss 0.7421 Acc 0.5371 | ValLoss 0.6691 Acc 0.6129 | Best 0.6129
Epoch 002 | TrainLoss 0.5641 Acc 0.7429 | ValLoss 0.6417 Acc 0.6774 | Best 0.6774
Epoch 003 | TrainLoss 0.4584 Acc 0.8400 | ValLoss 0.6067 Acc 0.6452 | Best 0.6774
Epoch 004 | TrainLoss 0.3885 Acc 0.8857 | ValLoss 0.5913 Acc 0.7419 | Best 0.7419
Epoch 005 | TrainLoss 0.3501 Acc 0.9086 | ValLoss 0.5174 Acc 0.7419 | Best 0.7419
Epoch 006 | TrainLoss 0.2980 Acc 0.9657 | ValLoss 0.5185 Acc 0.7742 | Best 0.7742
Epoch 007 | TrainLoss 0.2728 Acc 0.9829 | ValLoss 0.5082 Acc 0.8387 | Best 0.8387
Epoch 008 | TrainLoss 0.2464 Acc 0.9829 | ValLoss 0.5750 Acc 0.7419 | Best 0.8387
Epoch 009 | TrainLoss 0.2334 Acc 0.9943 | ValLoss 0.5623 Acc 0.6774 | Best 0.8387
Epoch 010 | TrainLoss 0.2290 Acc 0.9886 | ValLoss 0.6382 Acc 0.6774 | Best 0.8387
Epoch 011 | TrainLoss 0.2300 Acc 0.9943 | ValLoss 0.4918 Acc 0.8387 | Best 0.8387
Epoch 012 | TrainLoss 0.2302 Acc 0.9943 | ValLoss 0.5840 Acc 0.7419 | Best 0.8387
Epoch 013 | TrainLoss 0.2181 Acc 1.0000 | ValLoss 0.5089 Acc 0.8065 | Best 0.8387
Epoch 014 | TrainLoss 0.2163 Acc 1.0000 | ValLoss 0.6216 Acc 0.6774 | Best 0.8387
Epoch 015 | TrainLoss 0.2152 Acc 1.0000 | ValLoss 0.4557 Acc 0.8065 | Best 0.8387
Epoch 016 | TrainLoss 0.2138 Acc 1.0000 | ValLoss 0.5096 Acc 0.7419 | Best 0.8387
Epoch 017 | TrainLoss 0.2103 Acc 1.0000 | ValLoss 0.5042 Acc 0.7097 | Best 0.8387
Epoch 018 | TrainLoss 0.2101 Acc 1.0000 | ValLoss 0.5326 Acc 0.7419 | Best 0.8387
Epoch 019 | TrainLoss 0.2059 Acc 1.0000 | ValLoss 0.5450 Acc 0.6774 | Best 0.8387
Epoch 020 | TrainLoss 0.2103 Acc 1.0000 | ValLoss 0.4958 Acc 0.7742 | Best 0.8387
Epoch 021 | TrainLoss 0.2068 Acc 1.0000 | ValLoss 0.5068 Acc 0.7742 | Best 0.8387
Epoch 001 | TrainLoss 0.6916 Acc 0.5771 | ValLoss 0.6751 Acc 0.5484 | Best 0.5484
Epoch 002 | TrainLoss 0.5354 Acc 0.7257 | ValLoss 0.6197 Acc 0.6452 | Best 0.6452
Epoch 003 | TrainLoss 0.4531 Acc 0.8400 | ValLoss 0.5994 Acc 0.6774 | Best 0.6774
Epoch 004 | TrainLoss 0.3543 Acc 0.9086 | ValLoss 0.5328 Acc 0.8065 | Best 0.8065
Epoch 001 | TrainLoss 1.8954 Acc 0.5314 | ValLoss 0.8020 Acc 0.5806 | Best 0.5806
Epoch 002 | TrainLoss 0.6418 Acc 0.6743 | ValLoss 0.6825 Acc 0.5161 | Best 0.5806
Epoch 003 | TrainLoss 0.5796 Acc 0.7371 | ValLoss 0.7314 Acc 0.5806 | Best 0.5806
Epoch 004 | TrainLoss 0.5248 Acc 0.7714 | ValLoss 0.6958 Acc 0.5806 | Best 0.5806
Epoch 005 | TrainLoss 0.4665 Acc 0.8229 | ValLoss 0.5583 Acc 0.7097 | Best 0.7097
Epoch 006 | TrainLoss 0.4565 Acc 0.8457 | ValLoss 0.5090 Acc 0.7097 | Best 0.7097
Epoch 007 | TrainLoss 0.4389 Acc 0.8629 | ValLoss 0.5125 Acc 0.7742 | Best 0.7742
Epoch 008 | TrainLoss 0.4251 Acc 0.8686 | ValLoss 0.4854 Acc 0.8065 | Best 0.8065
Epoch 009 | TrainLoss 0.3688 Acc 0.8971 | ValLoss 0.4752 Acc 0.8065 | Best 0.8065
Epoch 010 | TrainLoss 0.3515 Acc 0.9371 | ValLoss 0.5349 Acc 0.7742 | Best 0.8065
Epoch 011 | TrainLoss 0.2886 Acc 0.9600 | ValLoss 0.4633 Acc 0.7419 | Best 0.8065
Epoch 012 | TrainLoss 0.2609 Acc 0.9714 | ValLoss 0.4131 Acc 0.8065 | Best 0.8065
Epoch 013 | TrainLoss 0.2578 Acc 0.9886 | ValLoss 0.3771 Acc 0.8710 | Best 0.8710
Epoch 014 | TrainLoss 0.2557 Acc 0.9657 | ValLoss 0.4918 Acc 0.8387 | Best 0.8710
Epoch 015 | TrainLoss 0.2587 Acc 0.9829 | ValLoss 0.4145 Acc 0.8710 | Best 0.8710
Epoch 016 | TrainLoss 0.2430 Acc 0.9943 | ValLoss 0.4351 Acc 0.8710 | Best 0.8710
Epoch 017 | TrainLoss 0.2314 Acc 0.9943 | ValLoss 0.3842 Acc 0.9032 | Best 0.9032
Epoch 018 | TrainLoss 0.2376 Acc 0.9886 | ValLoss 0.3901 Acc 0.8710 | Best 0.9032
Epoch 019 | TrainLoss 0.2295 Acc 0.9943 | ValLoss 0.4061 Acc 0.8710 | Best 0.9032
Epoch 020 | TrainLoss 0.2216 Acc 1.0000 | ValLoss 0.3933 Acc 0.8065 | Best 0.9032
Epoch 021 | TrainLoss 0.2178 Acc 1.0000 | ValLoss 0.4111 Acc 0.9032 | Best 0.9032
Epoch 022 | TrainLoss 0.2219 Acc 1.0000 | ValLoss 0.4032 Acc 0.9032 | Best 0.9032
Epoch 023 | TrainLoss 0.2135 Acc 1.0000 | ValLoss 0.4380 Acc 0.8710 | Best 0.9032
Epoch 024 | TrainLoss 0.2138 Acc 1.0000 | ValLoss 0.3787 Acc 0.8710 | Best 0.9032
Epoch 025 | TrainLoss 0.2169 Acc 1.0000 | ValLoss 0.3652 Acc 0.8710 | Best 0.9032
Epoch 026 | TrainLoss 0.2183 Acc 0.9943 | ValLoss 0.3653 Acc 0.9032 | Best 0.9032
Epoch 027 | TrainLoss 0.2145 Acc 1.0000 | ValLoss 0.3981 Acc 0.8710 | Best 0.9032
Epoch 028 | TrainLoss 0.2102 Acc 1.0000 | ValLoss 0.3997 Acc 0.8710 | Best 0.9032
Epoch 029 | TrainLoss 0.2159 Acc 1.0000 | ValLoss 0.3929 Acc 0.9032 | Best 0.9032
Epoch 030 | TrainLoss 0.2095 Acc 1.0000 | ValLoss 0.3930 Acc 0.9032 | Best 0.9032
Epoch 031 | TrainLoss 0.2159 Acc 1.0000 | ValLoss 0.3913 Acc 0.8710 | Best 0.9032
Epoch 001 | TrainLoss 0.7582 Acc 0.5314 | ValLoss 0.7099 Acc 0.4839 | Best 0.4839
Epoch 002 | TrainLoss 0.5328 Acc 0.6914 | ValLoss 0.6310 Acc 0.6774 | Best 0.6774
Epoch 003 | TrainLoss 0.4734 Acc 0.8229 | ValLoss 0.6270 Acc 0.6452 | Best 0.6774
Epoch 004 | TrainLoss 0.3745 Acc 0.9143 | ValLoss 0.5238 Acc 0.7742 | Best 0.7742
Epoch 005 | TrainLoss 0.3412 Acc 0.9143 | ValLoss 0.5156 Acc 0.8387 | Best 0.8387
Epoch 006 | TrainLoss 0.2782 Acc 0.9714 | ValLoss 0.4358 Acc 0.8710 | Best 0.8710
Epoch 007 | TrainLoss 0.2778 Acc 0.9714 | ValLoss 0.5059 Acc 0.7742 | Best 0.8710
Epoch 008 | TrainLoss 0.2624 Acc 0.9829 | ValLoss 0.4326 Acc 0.8710 | Best 0.8710
Epoch 009 | TrainLoss 0.2346 Acc 1.0000 | ValLoss 0.4923 Acc 0.8065 | Best 0.8710
Epoch 010 | TrainLoss 0.2309 Acc 1.0000 | ValLoss 0.5147 Acc 0.8387 | Best 0.8710
Epoch 011 | TrainLoss 0.2198 Acc 1.0000 | ValLoss 0.4941 Acc 0.8387 | Best 0.8710
Epoch 012 | TrainLoss 0.2225 Acc 0.9943 | ValLoss 0.5259 Acc 0.8387 | Best 0.8710
Epoch 013 | TrainLoss 0.2173 Acc 1.0000 | ValLoss 0.5268 Acc 0.7742 | Best 0.8710
Epoch 014 | TrainLoss 0.2118 Acc 1.0000 | ValLoss 0.5441 Acc 0.8065 | Best 0.8710
Epoch 015 | TrainLoss 0.2101 Acc 1.0000 | ValLoss 0.4921 Acc 0.8387 | Best 0.8710
Epoch 016 | TrainLoss 0.2172 Acc 1.0000 | ValLoss 0.4810 Acc 0.8065 | Best 0.8710
Epoch 017 | TrainLoss 0.2134 Acc 1.0000 | ValLoss 0.5074 Acc 0.8065 | Best 0.8710
Epoch 018 | TrainLoss 0.2130 Acc 1.0000 | ValLoss 0.5413 Acc 0.8065 | Best 0.8710
Epoch 019 | TrainLoss 0.2062 Acc 1.0000 | ValLoss 0.4785 Acc 0.8065 | Best 0.8710
Epoch 020 | TrainLoss 0.2106 Acc 1.0000 | ValLoss 0.5307 Acc 0.8065 | Best 0.8710
Epoch 001 | TrainLoss 0.7636 Acc 0.5086 | ValLoss 0.6758 Acc 0.6129 | Best 0.6129
Epoch 002 | TrainLoss 0.5458 Acc 0.7886 | ValLoss 0.6425 Acc 0.6774 | Best 0.6774
Epoch 003 | TrainLoss 0.4678 Acc 0.8343 | ValLoss 0.6121 Acc 0.5806 | Best 0.6774
Epoch 004 | TrainLoss 0.3877 Acc 0.8800 | ValLoss 0.6107 Acc 0.6129 | Best 0.6774
Epoch 005 | TrainLoss 0.3214 Acc 0.9429 | ValLoss 0.5310 Acc 0.7742 | Best 0.7742
Epoch 006 | TrainLoss 0.3024 Acc 0.9486 | ValLoss 0.4528 Acc 0.8387 | Best 0.8387
Epoch 007 | TrainLoss 0.2703 Acc 0.9657 | ValLoss 0.5756 Acc 0.6774 | Best 0.8387
Epoch 008 | TrainLoss 0.2504 Acc 0.9886 | ValLoss 0.4725 Acc 0.8065 | Best 0.8387
Epoch 009 | TrainLoss 0.2340 Acc 1.0000 | ValLoss 0.4926 Acc 0.7419 | Best 0.8387
Epoch 001 | TrainLoss 1.8952 Acc 0.5314 | ValLoss 0.8020 Acc 0.5806 | Best 0.5806
Epoch 002 | TrainLoss 0.6417 Acc 0.6743 | ValLoss 0.6825 Acc 0.5161 | Best 0.5806
Epoch 003 | TrainLoss 0.5796 Acc 0.7371 | ValLoss 0.7318 Acc 0.5806 | Best 0.5806
Epoch 004 | TrainLoss 0.5249 Acc 0.7771 | ValLoss 0.6953 Acc 0.5806 | Best 0.5806
Epoch 005 | TrainLoss 0.4668 Acc 0.8286 | ValLoss 0.5596 Acc 0.7097 | Best 0.7097
Epoch 006 | TrainLoss 0.4625 Acc 0.8400 | ValLoss 0.5205 Acc 0.6452 | Best 0.7097
Epoch 007 | TrainLoss 0.4393 Acc 0.8800 | ValLoss 0.5336 Acc 0.7419 | Best 0.7419
Epoch 008 | TrainLoss 0.4164 Acc 0.8629 | ValLoss 0.4931 Acc 0.7419 | Best 0.7419
Epoch 009 | TrainLoss 0.3609 Acc 0.8914 | ValLoss 0.5095 Acc 0.7419 | Best 0.7419
Epoch 010 | TrainLoss 0.3381 Acc 0.9486 | ValLoss 0.4632 Acc 0.8065 | Best 0.8065
Epoch 011 | TrainLoss 0.2817 Acc 0.9657 | ValLoss 0.4187 Acc 0.8065 | Best 0.8065
Epoch 012 | TrainLoss 0.2544 Acc 0.9771 | ValLoss 0.4077 Acc 0.9032 | Best 0.9032
Epoch 013 | TrainLoss 0.2567 Acc 0.9886 | ValLoss 0.3874 Acc 0.9032 | Best 0.9032
Epoch 014 | TrainLoss 0.2571 Acc 0.9829 | ValLoss 0.4637 Acc 0.8065 | Best 0.9032
Epoch 015 | TrainLoss 0.2570 Acc 0.9714 | ValLoss 0.4091 Acc 0.8710 | Best 0.9032
Epoch 016 | TrainLoss 0.2394 Acc 0.9771 | ValLoss 0.3944 Acc 0.8710 | Best 0.9032
Epoch 017 | TrainLoss 0.2237 Acc 1.0000 | ValLoss 0.3895 Acc 0.8387 | Best 0.9032
Epoch 018 | TrainLoss 0.2321 Acc 0.9943 | ValLoss 0.3790 Acc 0.9032 | Best 0.9032
Epoch 019 | TrainLoss 0.2274 Acc 0.9943 | ValLoss 0.3829 Acc 0.8387 | Best 0.9032
Epoch 020 | TrainLoss 0.2247 Acc 1.0000 | ValLoss 0.3922 Acc 0.8710 | Best 0.9032
Epoch 021 | TrainLoss 0.2195 Acc 1.0000 | ValLoss 0.4246 Acc 0.8710 | Best 0.9032
Epoch 022 | TrainLoss 0.2222 Acc 1.0000 | ValLoss 0.4436 Acc 0.8387 | Best 0.9032
Epoch 023 | TrainLoss 0.2128 Acc 1.0000 | ValLoss 0.5188 Acc 0.7742 | Best 0.9032
Epoch 024 | TrainLoss 0.2151 Acc 1.0000 | ValLoss 0.4347 Acc 0.8065 | Best 0.9032
Epoch 025 | TrainLoss 0.2158 Acc 1.0000 | ValLoss 0.4177 Acc 0.8065 | Best 0.9032
Epoch 026 | TrainLoss 0.2182 Acc 0.9943 | ValLoss 0.4041 Acc 0.8065 | Best 0.9032
Epoch 001 | TrainLoss 0.7720 Acc 0.6286 | ValLoss 0.6614 Acc 0.6129 | Best 0.6129
Epoch 002 | TrainLoss 0.5660 Acc 0.7600 | ValLoss 0.6315 Acc 0.6452 | Best 0.6452
Epoch 003 | TrainLoss 0.4599 Acc 0.7886 | ValLoss 0.5955 Acc 0.6452 | Best 0.6452
Epoch 004 | TrainLoss 0.3865 Acc 0.8571 | ValLoss 0.5450 Acc 0.7419 | Best 0.7419
Epoch 005 | TrainLoss 0.3385 Acc 0.9200 | ValLoss 0.4535 Acc 0.8710 | Best 0.8710
Epoch 006 | TrainLoss 0.3230 Acc 0.9371 | ValLoss 0.4688 Acc 0.8710 | Best 0.8710
Epoch 007 | TrainLoss 0.2680 Acc 0.9771 | ValLoss 0.5080 Acc 0.8387 | Best 0.8710
Epoch 008 | TrainLoss 0.2534 Acc 0.9771 | ValLoss 0.5270 Acc 0.8065 | Best 0.8710
Epoch 009 | TrainLoss 0.2325 Acc 0.9943 | ValLoss 0.4799 Acc 0.8065 | Best 0.8710
Epoch 010 | TrainLoss 0.2276 Acc 1.0000 | ValLoss 0.4322 Acc 0.8710 | Best 0.8710
Epoch 011 | TrainLoss 0.2233 Acc 1.0000 | ValLoss 0.4549 Acc 0.8710 | Best 0.8710
Epoch 012 | TrainLoss 0.2227 Acc 1.0000 | ValLoss 0.4689 Acc 0.8710 | Best 0.8710
Epoch 013 | TrainLoss 0.2168 Acc 1.0000 | ValLoss 0.5446 Acc 0.8710 | Best 0.8710
Epoch 014 | TrainLoss 0.2142 Acc 1.0000 | ValLoss 0.5358 Acc 0.8387 | Best 0.8710
Epoch 015 | TrainLoss 0.2114 Acc 1.0000 | ValLoss 0.5690 Acc 0.7742 | Best 0.8710
Epoch 016 | TrainLoss 0.2144 Acc 1.0000 | ValLoss 0.5284 Acc 0.8387 | Best 0.8710
Epoch 017 | TrainLoss 0.2117 Acc 1.0000 | ValLoss 0.4738 Acc 0.9032 | Best 0.9032
Epoch 018 | TrainLoss 0.2095 Acc 1.0000 | ValLoss 0.4759 Acc 0.8387 | Best 0.9032
Epoch 019 | TrainLoss 0.2100 Acc 1.0000 | ValLoss 0.4592 Acc 0.8387 | Best 0.9032
Epoch 020 | TrainLoss 0.2054 Acc 1.0000 | ValLoss 0.4576 Acc 0.8387 | Best 0.9032
Epoch 021 | TrainLoss 0.2101 Acc 1.0000 | ValLoss 0.4570 Acc 0.8387 | Best 0.9032
Epoch 022 | TrainLoss 0.2086 Acc 1.0000 | ValLoss 0.4517 Acc 0.8710 | Best 0.9032
Epoch 023 | TrainLoss 0.2057 Acc 1.0000 | ValLoss 0.4939 Acc 0.8387 | Best 0.9032
Epoch 024 | TrainLoss 0.2052 Acc 1.0000 | ValLoss 0.4800 Acc 0.8710 | Best 0.9032
Epoch 025 | TrainLoss 0.2061 Acc 1.0000 | ValLoss 0.4725 Acc 0.8387 | Best 0.9032
Epoch 026 | TrainLoss 0.2045 Acc 1.0000 | ValLoss 0.4630 Acc 0.8710 | Best 0.9032
Epoch 027 | TrainLoss 0.2037 Acc 1.0000 | ValLoss 0.4506 Acc 0.8710 | Best 0.9032
Epoch 028 | TrainLoss 0.2039 Acc 1.0000 | ValLoss 0.4546 Acc 0.8710 | Best 0.9032
Epoch 029 | TrainLoss 0.2038 Acc 1.0000 | ValLoss 0.4534 Acc 0.8710 | Best 0.9032
Epoch 030 | TrainLoss 0.2049 Acc 1.0000 | ValLoss 0.4527 Acc 0.8387 | Best 0.9032
Epoch 031 | TrainLoss 0.2040 Acc 1.0000 | ValLoss 0.4463 Acc 0.8710 | Best 0.9032
Epoch 001 | TrainLoss 0.6414 Acc 0.6171 | ValLoss 0.6668 Acc 0.6129 | Best 0.6129
Epoch 002 | TrainLoss 0.5178 Acc 0.8057 | ValLoss 0.6728 Acc 0.5484 | Best 0.6129
Epoch 003 | TrainLoss 0.4306 Acc 0.8629 | ValLoss 0.6353 Acc 0.6452 | Best 0.6452
Epoch 004 | TrainLoss 0.3502 Acc 0.8971 | ValLoss 0.5596 Acc 0.8065 | Best 0.8065
Epoch 005 | TrainLoss 0.2954 Acc 0.9657 | ValLoss 0.4937 Acc 0.7742 | Best 0.8065
Epoch 006 | TrainLoss 0.2692 Acc 0.9657 | ValLoss 0.4847 Acc 0.8065 | Best 0.8065
Epoch 007 | TrainLoss 0.2591 Acc 0.9943 | ValLoss 0.6509 Acc 0.6774 | Best 0.8065
Epoch 008 | TrainLoss 0.2388 Acc 1.0000 | ValLoss 0.4450 Acc 0.8387 | Best 0.8387
Epoch 009 | TrainLoss 0.2409 Acc 0.9943 | ValLoss 0.6650 Acc 0.6774 | Best 0.8387
Epoch 010 | TrainLoss 0.2329 Acc 1.0000 | ValLoss 0.4882 Acc 0.7419 | Best 0.8387
Epoch 011 | TrainLoss 0.2205 Acc 1.0000 | ValLoss 0.6603 Acc 0.6774 | Best 0.8387
Epoch 012 | TrainLoss 0.2221 Acc 1.0000 | ValLoss 0.5081 Acc 0.7419 | Best 0.8387
Epoch 013 | TrainLoss 0.2179 Acc 1.0000 | ValLoss 0.6548 Acc 0.6774 | Best 0.8387
Epoch 014 | TrainLoss 0.2163 Acc 1.0000 | ValLoss 0.4861 Acc 0.8387 | Best 0.8387
Epoch 015 | TrainLoss 0.2126 Acc 1.0000 | ValLoss 0.5401 Acc 0.7097 | Best 0.8387
Epoch 016 | TrainLoss 0.2097 Acc 1.0000 | ValLoss 0.5243 Acc 0.7742 | Best 0.8387
Epoch 017 | TrainLoss 0.2129 Acc 1.0000 | ValLoss 0.5423 Acc 0.7097 | Best 0.8387
Epoch 018 | TrainLoss 0.2069 Acc 1.0000 | ValLoss 0.4864 Acc 0.7742 | Best 0.8387
Epoch 019 | TrainLoss 0.2095 Acc 1.0000 | ValLoss 0.4704 Acc 0.8065 | Best 0.8387
Epoch 020 | TrainLoss 0.2056 Acc 1.0000 | ValLoss 0.5040 Acc 0.7742 | Best 0.8387
Epoch 021 | TrainLoss 0.2062 Acc 1.0000 | ValLoss 0.4855 Acc 0.8065 | Best 0.8387
Epoch 022 | TrainLoss 0.2077 Acc 1.0000 | ValLoss 0.5001 Acc 0.8387 | Best 0.8387
Epoch 001 | TrainLoss 0.8508 Acc 0.5600 | ValLoss 0.6335 Acc 0.6129 | Best 0.6129
Epoch 002 | TrainLoss 0.5786 Acc 0.7257 | ValLoss 0.6198 Acc 0.6774 | Best 0.6774
Epoch 003 | TrainLoss 0.5181 Acc 0.8057 | ValLoss 0.6047 Acc 0.5806 | Best 0.6774
Epoch 004 | TrainLoss 0.4528 Acc 0.8343 | ValLoss 0.5420 Acc 0.7097 | Best 0.7097
Epoch 005 | TrainLoss 0.3953 Acc 0.8686 | ValLoss 0.5303 Acc 0.7097 | Best 0.7097
Epoch 006 | TrainLoss 0.3358 Acc 0.9200 | ValLoss 0.5065 Acc 0.7419 | Best 0.7419
Epoch 007 | TrainLoss 0.3163 Acc 0.9657 | ValLoss 0.4519 Acc 0.8387 | Best 0.8387
Epoch 008 | TrainLoss 0.2732 Acc 0.9886 | ValLoss 0.4417 Acc 0.8065 | Best 0.8387
Epoch 009 | TrainLoss 0.2476 Acc 0.9714 | ValLoss 0.4283 Acc 0.9032 | Best 0.9032
Epoch 010 | TrainLoss 0.2374 Acc 1.0000 | ValLoss 0.4038 Acc 0.9032 | Best 0.9032
Epoch 011 | TrainLoss 0.2350 Acc 0.9943 | ValLoss 0.4348 Acc 0.8710 | Best 0.9032
Epoch 012 | TrainLoss 0.2260 Acc 1.0000 | ValLoss 0.5346 Acc 0.8065 | Best 0.9032
Epoch 013 | TrainLoss 0.2163 Acc 1.0000 | ValLoss 0.4948 Acc 0.9032 | Best 0.9032
Epoch 014 | TrainLoss 0.2146 Acc 1.0000 | ValLoss 0.5101 Acc 0.9032 | Best 0.9032
Epoch 015 | TrainLoss 0.2123 Acc 1.0000 | ValLoss 0.4688 Acc 0.9032 | Best 0.9032
Epoch 016 | TrainLoss 0.2110 Acc 1.0000 | ValLoss 0.4783 Acc 0.9032 | Best 0.9032
Epoch 017 | TrainLoss 0.2189 Acc 1.0000 | ValLoss 0.4894 Acc 0.9032 | Best 0.9032
Epoch 018 | TrainLoss 0.2135 Acc 1.0000 | ValLoss 0.4977 Acc 0.8710 | Best 0.9032
Epoch 019 | TrainLoss 0.2113 Acc 1.0000 | ValLoss 0.5148 Acc 0.8710 | Best 0.9032
Epoch 020 | TrainLoss 0.2102 Acc 1.0000 | ValLoss 0.4776 Acc 0.8710 | Best 0.9032
Epoch 021 | TrainLoss 0.2095 Acc 1.0000 | ValLoss 0.4520 Acc 0.9032 | Best 0.9032
Epoch 022 | TrainLoss 0.2108 Acc 0.9943 | ValLoss 0.4533 Acc 0.9032 | Best 0.9032
Epoch 023 | TrainLoss 0.2055 Acc 1.0000 | ValLoss 0.4593 Acc 0.8710 | Best 0.9032
Epoch 001 | TrainLoss 1.6131 Acc 0.6000 | ValLoss 0.6594 Acc 0.5806 | Best 0.5806
Epoch 002 | TrainLoss 0.6419 Acc 0.6629 | ValLoss 0.8297 Acc 0.7097 | Best 0.7097
Epoch 003 | TrainLoss 0.6740 Acc 0.7314 | ValLoss 0.4761 Acc 0.8387 | Best 0.8387
Epoch 004 | TrainLoss 0.4459 Acc 0.8571 | ValLoss 0.5942 Acc 0.7097 | Best 0.8387
Epoch 005 | TrainLoss 0.4215 Acc 0.8400 | ValLoss 0.5277 Acc 0.7742 | Best 0.8387
Epoch 006 | TrainLoss 0.3948 Acc 0.8800 | ValLoss 0.4751 Acc 0.8387 | Best 0.8387
Epoch 007 | TrainLoss 0.3345 Acc 0.9543 | ValLoss 0.4094 Acc 0.8387 | Best 0.8387
Epoch 008 | TrainLoss 0.2911 Acc 0.9714 | ValLoss 0.3992 Acc 0.8387 | Best 0.8387
Epoch 009 | TrainLoss 0.2778 Acc 0.9657 | ValLoss 0.4001 Acc 0.8065 | Best 0.8387
Epoch 010 | TrainLoss 0.2582 Acc 0.9886 | ValLoss 0.4131 Acc 0.8387 | Best 0.8387
Epoch 011 | TrainLoss 0.2443 Acc 0.9943 | ValLoss 0.4087 Acc 0.8065 | Best 0.8387
Epoch 012 | TrainLoss 0.2403 Acc 0.9886 | ValLoss 0.4348 Acc 0.8065 | Best 0.8387
Epoch 013 | TrainLoss 0.2233 Acc 1.0000 | ValLoss 0.4417 Acc 0.7742 | Best 0.8387
Epoch 014 | TrainLoss 0.2186 Acc 1.0000 | ValLoss 0.4550 Acc 0.8065 | Best 0.8387
Epoch 015 | TrainLoss 0.2252 Acc 1.0000 | ValLoss 0.4109 Acc 0.8065 | Best 0.8387
Epoch 016 | TrainLoss 0.2195 Acc 1.0000 | ValLoss 0.4320 Acc 0.8065 | Best 0.8387
Epoch 017 | TrainLoss 0.2176 Acc 1.0000 | ValLoss 0.4322 Acc 0.8065 | Best 0.8387
Epoch 018 | TrainLoss 0.2264 Acc 1.0000 | ValLoss 0.3756 Acc 0.8710 | Best 0.8710
Epoch 019 | TrainLoss 0.2189 Acc 1.0000 | ValLoss 0.4317 Acc 0.8387 | Best 0.8710
Epoch 020 | TrainLoss 0.2164 Acc 1.0000 | ValLoss 0.4407 Acc 0.8065 | Best 0.8710
Epoch 021 | TrainLoss 0.2244 Acc 0.9886 | ValLoss 0.4354 Acc 0.8065 | Best 0.8710
Epoch 022 | TrainLoss 0.2167 Acc 1.0000 | ValLoss 0.4202 Acc 0.8065 | Best 0.8710
Epoch 023 | TrainLoss 0.2152 Acc 1.0000 | ValLoss 0.4194 Acc 0.8065 | Best 0.8710
Epoch 024 | TrainLoss 0.2176 Acc 1.0000 | ValLoss 0.3875 Acc 0.8387 | Best 0.8710
Epoch 025 | TrainLoss 0.2162 Acc 1.0000 | ValLoss 0.4139 Acc 0.8065 | Best 0.8710
Epoch 026 | TrainLoss 0.2242 Acc 1.0000 | ValLoss 0.3799 Acc 0.8387 | Best 0.8710
Epoch 027 | TrainLoss 0.2159 Acc 0.9943 | ValLoss 0.3857 Acc 0.8710 | Best 0.8710
Epoch 028 | TrainLoss 0.2110 Acc 1.0000 | ValLoss 0.3991 Acc 0.8387 | Best 0.8710
Epoch 029 | TrainLoss 0.2081 Acc 1.0000 | ValLoss 0.4407 Acc 0.8387 | Best 0.8710
Epoch 030 | TrainLoss 0.2102 Acc 1.0000 | ValLoss 0.4146 Acc 0.8387 | Best 0.8710
Epoch 031 | TrainLoss 0.2088 Acc 1.0000 | ValLoss 0.4900 Acc 0.8065 | Best 0.8710
Epoch 032 | TrainLoss 0.2104 Acc 1.0000 | ValLoss 0.4461 Acc 0.8065 | Best 0.8710
Epoch 001 | TrainLoss 0.0401 Acc 0.5429 | ValLoss 0.6992 Acc 0.5484 | Best 0.5484
Epoch 002 | TrainLoss 0.1144 Acc 0.5543 | ValLoss 3.5968 Acc 0.6129 | Best 0.6129
Epoch 003 | TrainLoss 0.1952 Acc 0.5200 | ValLoss 3.5915 Acc 0.6129 | Best 0.6129
Epoch 004 | TrainLoss 0.1876 Acc 0.5371 | ValLoss 3.5540 Acc 0.6129 | Best 0.6129
Epoch 005 | TrainLoss 0.1122 Acc 0.6457 | ValLoss 2.7412 Acc 0.6452 | Best 0.6452
Epoch 006 | TrainLoss 0.0646 Acc 0.7143 | ValLoss 4.8821 Acc 0.5161 | Best 0.6452
Epoch 007 | TrainLoss 0.0914 Acc 0.5943 | ValLoss 4.2360 Acc 0.5161 | Best 0.6452
Epoch 008 | TrainLoss 0.0690 Acc 0.6057 | ValLoss 2.0896 Acc 0.6129 | Best 0.6452
Epoch 009 | TrainLoss 0.0417 Acc 0.6971 | ValLoss 1.1262 Acc 0.7097 | Best 0.7097
Epoch 010 | TrainLoss 0.0297 Acc 0.7657 | ValLoss 1.0835 Acc 0.6774 | Best 0.7097
Epoch 011 | TrainLoss 0.0274 Acc 0.8000 | ValLoss 0.9139 Acc 0.7097 | Best 0.7097
Epoch 012 | TrainLoss 0.0232 Acc 0.8057 | ValLoss 0.8795 Acc 0.6452 | Best 0.7097
Epoch 013 | TrainLoss 0.0219 Acc 0.8171 | ValLoss 1.1807 Acc 0.5484 | Best 0.7097
Epoch 014 | TrainLoss 0.0239 Acc 0.8057 | ValLoss 1.2697 Acc 0.5484 | Best 0.7097
Epoch 015 | TrainLoss 0.0310 Acc 0.7486 | ValLoss 1.2934 Acc 0.5161 | Best 0.7097
Epoch 016 | TrainLoss 0.0259 Acc 0.7771 | ValLoss 0.9190 Acc 0.5806 | Best 0.7097
Epoch 017 | TrainLoss 0.0210 Acc 0.8229 | ValLoss 0.6383 Acc 0.7419 | Best 0.7419
Epoch 018 | TrainLoss 0.0200 Acc 0.8171 | ValLoss 0.5769 Acc 0.8065 | Best 0.8065
Epoch 019 | TrainLoss 0.0172 Acc 0.8629 | ValLoss 0.5470 Acc 0.7742 | Best 0.8065
Epoch 020 | TrainLoss 0.0157 Acc 0.9029 | ValLoss 0.5528 Acc 0.7742 | Best 0.8065
Epoch 021 | TrainLoss 0.0150 Acc 0.8971 | ValLoss 0.6201 Acc 0.7097 | Best 0.8065
Epoch 022 | TrainLoss 0.0153 Acc 0.9029 | ValLoss 0.5942 Acc 0.7097 | Best 0.8065
Epoch 023 | TrainLoss 0.0140 Acc 0.9200 | ValLoss 0.5393 Acc 0.8387 | Best 0.8387
Epoch 024 | TrainLoss 0.0136 Acc 0.9314 | ValLoss 0.5285 Acc 0.8387 | Best 0.8387
Epoch 025 | TrainLoss 0.0131 Acc 0.9429 | ValLoss 0.5336 Acc 0.8710 | Best 0.8710
Epoch 026 | TrainLoss 0.0124 Acc 0.9371 | ValLoss 0.5427 Acc 0.8710 | Best 0.8710
Epoch 027 | TrainLoss 0.0122 Acc 0.9714 | ValLoss 0.5661 Acc 0.8387 | Best 0.8710
Epoch 028 | TrainLoss 0.0122 Acc 0.9600 | ValLoss 0.6280 Acc 0.8065 | Best 0.8710
Epoch 029 | TrainLoss 0.0118 Acc 0.9486 | ValLoss 0.6265 Acc 0.8065 | Best 0.8710
Epoch 030 | TrainLoss 0.0110 Acc 0.9886 | ValLoss 0.5940 Acc 0.8065 | Best 0.8710
Epoch 031 | TrainLoss 0.0109 Acc 0.9886 | ValLoss 0.5679 Acc 0.8065 | Best 0.8710
Epoch 032 | TrainLoss 0.0105 Acc 0.9886 | ValLoss 0.5517 Acc 0.8710 | Best 0.8710
Epoch 033 | TrainLoss 0.0108 Acc 0.9771 | ValLoss 0.5498 Acc 0.8065 | Best 0.8710
Epoch 034 | TrainLoss 0.0106 Acc 0.9886 | ValLoss 0.5672 Acc 0.8387 | Best 0.8710
Epoch 035 | TrainLoss 0.0102 Acc 0.9943 | ValLoss 0.5587 Acc 0.8387 | Best 0.8710
Epoch 036 | TrainLoss 0.0102 Acc 1.0000 | ValLoss 0.6201 Acc 0.8065 | Best 0.8710
Epoch 037 | TrainLoss 0.0103 Acc 0.9943 | ValLoss 0.5918 Acc 0.8065 | Best 0.8710
Epoch 038 | TrainLoss 0.0097 Acc 1.0000 | ValLoss 0.6672 Acc 0.7742 | Best 0.8710
Epoch 039 | TrainLoss 0.0101 Acc 1.0000 | ValLoss 0.6272 Acc 0.8065 | Best 0.8710
Epoch 001 | TrainLoss 0.3159 Acc 0.5314 | ValLoss 0.8023 Acc 0.5806 | Best 0.5806
Epoch 002 | TrainLoss 0.1070 Acc 0.6743 | ValLoss 0.6826 Acc 0.5161 | Best 0.5806
Epoch 003 | TrainLoss 0.0966 Acc 0.7371 | ValLoss 0.7319 Acc 0.5806 | Best 0.5806
Epoch 004 | TrainLoss 0.0875 Acc 0.7771 | ValLoss 0.6952 Acc 0.5806 | Best 0.5806
Epoch 005 | TrainLoss 0.0777 Acc 0.8229 | ValLoss 0.5647 Acc 0.6774 | Best 0.6774
Epoch 006 | TrainLoss 0.0774 Acc 0.8457 | ValLoss 0.5302 Acc 0.6452 | Best 0.6774
Epoch 007 | TrainLoss 0.0739 Acc 0.8686 | ValLoss 0.5492 Acc 0.7742 | Best 0.7742
Epoch 008 | TrainLoss 0.0728 Acc 0.8629 | ValLoss 0.5068 Acc 0.7742 | Best 0.7742
Epoch 009 | TrainLoss 0.0600 Acc 0.9143 | ValLoss 0.4642 Acc 0.8065 | Best 0.8065
Epoch 010 | TrainLoss 0.0553 Acc 0.9543 | ValLoss 0.4594 Acc 0.8065 | Best 0.8065
Epoch 011 | TrainLoss 0.0467 Acc 0.9600 | ValLoss 0.4557 Acc 0.7419 | Best 0.8065
Epoch 012 | TrainLoss 0.0427 Acc 0.9714 | ValLoss 0.4312 Acc 0.8710 | Best 0.8710
Epoch 013 | TrainLoss 0.0424 Acc 0.9771 | ValLoss 0.3924 Acc 0.8710 | Best 0.8710
Epoch 014 | TrainLoss 0.0416 Acc 0.9886 | ValLoss 0.4752 Acc 0.8387 | Best 0.8710
Epoch 015 | TrainLoss 0.0416 Acc 0.9829 | ValLoss 0.4104 Acc 0.8710 | Best 0.8710
Epoch 016 | TrainLoss 0.0401 Acc 0.9886 | ValLoss 0.4330 Acc 0.8710 | Best 0.8710
Epoch 017 | TrainLoss 0.0400 Acc 0.9829 | ValLoss 0.4639 Acc 0.8710 | Best 0.8710
Epoch 018 | TrainLoss 0.0413 Acc 0.9943 | ValLoss 0.3766 Acc 0.9032 | Best 0.9032
Epoch 019 | TrainLoss 0.0402 Acc 0.9886 | ValLoss 0.4224 Acc 0.8710 | Best 0.9032
Epoch 020 | TrainLoss 0.0383 Acc 1.0000 | ValLoss 0.4247 Acc 0.8065 | Best 0.9032
Epoch 021 | TrainLoss 0.0374 Acc 0.9943 | ValLoss 0.3917 Acc 0.8387 | Best 0.9032
Epoch 022 | TrainLoss 0.0381 Acc 1.0000 | ValLoss 0.3969 Acc 0.8065 | Best 0.9032
Epoch 023 | TrainLoss 0.0375 Acc 0.9943 | ValLoss 0.4798 Acc 0.7742 | Best 0.9032
Epoch 024 | TrainLoss 0.0368 Acc 1.0000 | ValLoss 0.4031 Acc 0.8065 | Best 0.9032
Epoch 025 | TrainLoss 0.0371 Acc 1.0000 | ValLoss 0.3715 Acc 0.8710 | Best 0.9032
Epoch 026 | TrainLoss 0.0370 Acc 0.9943 | ValLoss 0.3598 Acc 0.9032 | Best 0.9032
Epoch 027 | TrainLoss 0.0358 Acc 1.0000 | ValLoss 0.3906 Acc 0.8710 | Best 0.9032
Epoch 028 | TrainLoss 0.0355 Acc 1.0000 | ValLoss 0.3854 Acc 0.9032 | Best 0.9032
Epoch 029 | TrainLoss 0.0360 Acc 1.0000 | ValLoss 0.3994 Acc 0.8387 | Best 0.9032
Epoch 030 | TrainLoss 0.0351 Acc 1.0000 | ValLoss 0.3846 Acc 0.8710 | Best 0.9032
Epoch 031 | TrainLoss 0.0360 Acc 1.0000 | ValLoss 0.4006 Acc 0.8065 | Best 0.9032
Epoch 032 | TrainLoss 0.0360 Acc 1.0000 | ValLoss 0.4238 Acc 0.8387 | Best 0.9032
Epoch 001 | TrainLoss 0.1113 Acc 0.5771 | ValLoss 0.6708 Acc 0.5484 | Best 0.5484
Epoch 001 | TrainLoss 0.3159 Acc 0.5314 | ValLoss 0.8022 Acc 0.5806 | Best 0.5806
Epoch 002 | TrainLoss 0.1070 Acc 0.6743 | ValLoss 0.6825 Acc 0.5161 | Best 0.5806
Epoch 003 | TrainLoss 0.0966 Acc 0.7371 | ValLoss 0.7321 Acc 0.5806 | Best 0.5806
Epoch 004 | TrainLoss 0.0875 Acc 0.7771 | ValLoss 0.6959 Acc 0.5806 | Best 0.5806
Epoch 005 | TrainLoss 0.0778 Acc 0.8286 | ValLoss 0.5585 Acc 0.7097 | Best 0.7097
Epoch 006 | TrainLoss 0.0763 Acc 0.8400 | ValLoss 0.5113 Acc 0.6774 | Best 0.7097
Epoch 007 | TrainLoss 0.0732 Acc 0.8629 | ValLoss 0.5162 Acc 0.7419 | Best 0.7419
Epoch 008 | TrainLoss 0.0697 Acc 0.8629 | ValLoss 0.4816 Acc 0.8065 | Best 0.8065
Epoch 009 | TrainLoss 0.0615 Acc 0.8914 | ValLoss 0.4843 Acc 0.7742 | Best 0.8065
Epoch 010 | TrainLoss 0.0578 Acc 0.9543 | ValLoss 0.5091 Acc 0.7419 | Best 0.8065
Epoch 011 | TrainLoss 0.0479 Acc 0.9543 | ValLoss 0.4558 Acc 0.7742 | Best 0.8065
Epoch 012 | TrainLoss 0.0428 Acc 0.9714 | ValLoss 0.4347 Acc 0.8710 | Best 0.8710
Epoch 013 | TrainLoss 0.0434 Acc 0.9829 | ValLoss 0.3740 Acc 0.9032 | Best 0.9032
Epoch 014 | TrainLoss 0.0434 Acc 0.9657 | ValLoss 0.4304 Acc 0.8710 | Best 0.9032
Epoch 015 | TrainLoss 0.0404 Acc 0.9886 | ValLoss 0.4259 Acc 0.8710 | Best 0.9032
Epoch 016 | TrainLoss 0.0385 Acc 0.9943 | ValLoss 0.4113 Acc 0.8710 | Best 0.9032
Epoch 017 | TrainLoss 0.0371 Acc 1.0000 | ValLoss 0.4150 Acc 0.8387 | Best 0.9032
Epoch 018 | TrainLoss 0.0384 Acc 0.9943 | ValLoss 0.3948 Acc 0.8387 | Best 0.9032
Epoch 019 | TrainLoss 0.0376 Acc 0.9943 | ValLoss 0.3784 Acc 0.9032 | Best 0.9032
Epoch 020 | TrainLoss 0.0367 Acc 1.0000 | ValLoss 0.3778 Acc 0.8710 | Best 0.9032
Epoch 021 | TrainLoss 0.0362 Acc 1.0000 | ValLoss 0.4061 Acc 0.8710 | Best 0.9032
Epoch 022 | TrainLoss 0.0375 Acc 1.0000 | ValLoss 0.4510 Acc 0.8387 | Best 0.9032
Epoch 023 | TrainLoss 0.0357 Acc 1.0000 | ValLoss 0.5608 Acc 0.7742 | Best 0.9032
Epoch 024 | TrainLoss 0.0357 Acc 1.0000 | ValLoss 0.4463 Acc 0.8387 | Best 0.9032
Epoch 025 | TrainLoss 0.0361 Acc 1.0000 | ValLoss 0.4163 Acc 0.8387 | Best 0.9032
Epoch 026 | TrainLoss 0.0363 Acc 0.9943 | ValLoss 0.4156 Acc 0.8710 | Best 0.9032
Epoch 027 | TrainLoss 0.0358 Acc 1.0000 | ValLoss 0.4501 Acc 0.8387 | Best 0.9032
Epoch 001 | TrainLoss 0.1237 Acc 0.5371 | ValLoss 0.6691 Acc 0.6129 | Best 0.6129
Epoch 002 | TrainLoss 0.0940 Acc 0.7429 | ValLoss 0.6417 Acc 0.6774 | Best 0.6774
Epoch 003 | TrainLoss 0.0764 Acc 0.8400 | ValLoss 0.6067 Acc 0.6452 | Best 0.6774
Epoch 004 | TrainLoss 0.0648 Acc 0.8857 | ValLoss 0.5913 Acc 0.7419 | Best 0.7419
Epoch 005 | TrainLoss 0.0584 Acc 0.9086 | ValLoss 0.5175 Acc 0.7419 | Best 0.7419
Epoch 006 | TrainLoss 0.0497 Acc 0.9657 | ValLoss 0.5186 Acc 0.7742 | Best 0.7742
Epoch 007 | TrainLoss 0.0455 Acc 0.9829 | ValLoss 0.5083 Acc 0.8387 | Best 0.8387
Epoch 008 | TrainLoss 0.0411 Acc 0.9829 | ValLoss 0.5753 Acc 0.7419 | Best 0.8387
Epoch 009 | TrainLoss 0.0389 Acc 0.9943 | ValLoss 0.5622 Acc 0.6774 | Best 0.8387
Epoch 010 | TrainLoss 0.0382 Acc 0.9886 | ValLoss 0.6382 Acc 0.6774 | Best 0.8387
Epoch 011 | TrainLoss 0.0383 Acc 0.9943 | ValLoss 0.4919 Acc 0.8387 | Best 0.8387
Epoch 012 | TrainLoss 0.0384 Acc 0.9943 | ValLoss 0.5842 Acc 0.7419 | Best 0.8387
Epoch 013 | TrainLoss 0.0363 Acc 1.0000 | ValLoss 0.5088 Acc 0.8065 | Best 0.8387
Epoch 014 | TrainLoss 0.0360 Acc 1.0000 | ValLoss 0.6213 Acc 0.6774 | Best 0.8387
Epoch 015 | TrainLoss 0.0359 Acc 1.0000 | ValLoss 0.4557 Acc 0.8065 | Best 0.8387
Epoch 016 | TrainLoss 0.0356 Acc 1.0000 | ValLoss 0.5096 Acc 0.7419 | Best 0.8387
Epoch 017 | TrainLoss 0.0351 Acc 1.0000 | ValLoss 0.5043 Acc 0.7097 | Best 0.8387
Epoch 018 | TrainLoss 0.0350 Acc 1.0000 | ValLoss 0.5323 Acc 0.7419 | Best 0.8387
Epoch 019 | TrainLoss 0.0343 Acc 1.0000 | ValLoss 0.5448 Acc 0.6774 | Best 0.8387
Epoch 020 | TrainLoss 0.0351 Acc 1.0000 | ValLoss 0.4955 Acc 0.7742 | Best 0.8387
Epoch 021 | TrainLoss 0.0345 Acc 1.0000 | ValLoss 0.5066 Acc 0.7742 | Best 0.8387
Epoch 001 | TrainLoss 0.1153 Acc 0.5771 | ValLoss 0.6751 Acc 0.5484 | Best 0.5484
Epoch 002 | TrainLoss 0.0892 Acc 0.7257 | ValLoss 0.6196 Acc 0.6452 | Best 0.6452
Epoch 003 | TrainLoss 0.0755 Acc 0.8400 | ValLoss 0.5994 Acc 0.6774 | Best 0.6774
Epoch 004 | TrainLoss 0.0591 Acc 0.9086 | ValLoss 0.5328 Acc 0.8065 | Best 0.8065
Epoch 005 | TrainLoss 0.0499 Acc 0.9486 | ValLoss 0.4953 Acc 0.8387 | Best 0.8387
Epoch 006 | TrainLoss 0.0486 Acc 0.9486 | ValLoss 0.4316 Acc 0.8065 | Best 0.8387
Epoch 007 | TrainLoss 0.0431 Acc 0.9886 | ValLoss 0.6002 Acc 0.7097 | Best 0.8387
Epoch 008 | TrainLoss 0.0407 Acc 1.0000 | ValLoss 0.4599 Acc 0.8065 | Best 0.8387
Epoch 009 | TrainLoss 0.0411 Acc 0.9943 | ValLoss 0.6608 Acc 0.7097 | Best 0.8387
Epoch 010 | TrainLoss 0.0384 Acc 0.9943 | ValLoss 0.4939 Acc 0.7742 | Best 0.8387
Epoch 011 | TrainLoss 0.0372 Acc 1.0000 | ValLoss 0.6432 Acc 0.6774 | Best 0.8387
Epoch 012 | TrainLoss 0.0369 Acc 1.0000 | ValLoss 0.5051 Acc 0.8065 | Best 0.8387
Epoch 013 | TrainLoss 0.0355 Acc 1.0000 | ValLoss 0.5140 Acc 0.7419 | Best 0.8387
Epoch 014 | TrainLoss 0.0367 Acc 0.9943 | ValLoss 0.5477 Acc 0.7419 | Best 0.8387
Epoch 015 | TrainLoss 0.0357 Acc 1.0000 | ValLoss 0.5462 Acc 0.7419 | Best 0.8387
Epoch 016 | TrainLoss 0.0364 Acc 1.0000 | ValLoss 0.5757 Acc 0.7742 | Best 0.8387
Epoch 017 | TrainLoss 0.0352 Acc 1.0000 | ValLoss 0.5022 Acc 0.8065 | Best 0.8387
Epoch 018 | TrainLoss 0.0351 Acc 1.0000 | ValLoss 0.5560 Acc 0.7742 | Best 0.8387
Epoch 019 | TrainLoss 0.0346 Acc 1.0000 | ValLoss 0.5236 Acc 0.7742 | Best 0.8387
Epoch 001 | TrainLoss 0.1251 Acc 0.6000 | ValLoss 0.6730 Acc 0.4839 | Best 0.4839
Epoch 002 | TrainLoss 0.0873 Acc 0.7771 | ValLoss 0.6125 Acc 0.5806 | Best 0.5806
Epoch 003 | TrainLoss 0.0704 Acc 0.8286 | ValLoss 0.5692 Acc 0.6129 | Best 0.6129
Epoch 004 | TrainLoss 0.0652 Acc 0.8914 | ValLoss 0.6200 Acc 0.6452 | Best 0.6452
Epoch 005 | TrainLoss 0.0650 Acc 0.9314 | ValLoss 0.5531 Acc 0.6452 | Best 0.6452
Epoch 006 | TrainLoss 0.0561 Acc 0.9257 | ValLoss 0.4383 Acc 0.8065 | Best 0.8065
Epoch 007 | TrainLoss 0.0503 Acc 0.9657 | ValLoss 0.6556 Acc 0.6452 | Best 0.8065
Epoch 008 | TrainLoss 0.0431 Acc 0.9886 | ValLoss 0.4661 Acc 0.8387 | Best 0.8387
Epoch 009 | TrainLoss 0.0464 Acc 0.9829 | ValLoss 0.5662 Acc 0.7419 | Best 0.8387
Epoch 010 | TrainLoss 0.0427 Acc 0.9829 | ValLoss 0.4776 Acc 0.8387 | Best 0.8387
Epoch 011 | TrainLoss 0.0387 Acc 1.0000 | ValLoss 0.5254 Acc 0.8065 | Best 0.8387
Epoch 012 | TrainLoss 0.0376 Acc 1.0000 | ValLoss 0.5443 Acc 0.7742 | Best 0.8387
Epoch 013 | TrainLoss 0.0370 Acc 1.0000 | ValLoss 0.4458 Acc 0.8387 | Best 0.8387
Epoch 014 | TrainLoss 0.0357 Acc 1.0000 | ValLoss 0.4788 Acc 0.8065 | Best 0.8387
Epoch 015 | TrainLoss 0.0365 Acc 1.0000 | ValLoss 0.4305 Acc 0.8710 | Best 0.8710
Epoch 016 | TrainLoss 0.0359 Acc 1.0000 | ValLoss 0.5088 Acc 0.8065 | Best 0.8710
Epoch 017 | TrainLoss 0.0354 Acc 1.0000 | ValLoss 0.4740 Acc 0.8065 | Best 0.8710
Epoch 018 | TrainLoss 0.0358 Acc 1.0000 | ValLoss 0.4494 Acc 0.8387 | Best 0.8710
Epoch 019 | TrainLoss 0.0351 Acc 1.0000 | ValLoss 0.4459 Acc 0.8387 | Best 0.8710
Epoch 020 | TrainLoss 0.0350 Acc 1.0000 | ValLoss 0.4522 Acc 0.8387 | Best 0.8710
Epoch 021 | TrainLoss 0.0347 Acc 1.0000 | ValLoss 0.4502 Acc 0.8065 | Best 0.8710
Epoch 022 | TrainLoss 0.0344 Acc 1.0000 | ValLoss 0.4522 Acc 0.8065 | Best 0.8710
Epoch 023 | TrainLoss 0.0346 Acc 1.0000 | ValLoss 0.4412 Acc 0.8387 | Best 0.8710
Epoch 024 | TrainLoss 0.0345 Acc 1.0000 | ValLoss 0.4295 Acc 0.8710 | Best 0.8710
Epoch 025 | TrainLoss 0.0349 Acc 1.0000 | ValLoss 0.4184 Acc 0.8710 | Best 0.8710
Epoch 026 | TrainLoss 0.0342 Acc 1.0000 | ValLoss 0.4600 Acc 0.8387 | Best 0.8710
Epoch 027 | TrainLoss 0.0341 Acc 1.0000 | ValLoss 0.4464 Acc 0.8387 | Best 0.8710
Epoch 028 | TrainLoss 0.0345 Acc 1.0000 | ValLoss 0.4301 Acc 0.8387 | Best 0.8710
Epoch 029 | TrainLoss 0.0343 Acc 1.0000 | ValLoss 0.4570 Acc 0.8387 | Best 0.8710
Epoch 001 | TrainLoss 0.7272 Acc 0.4629 | ValLoss 9.2588 Acc 0.4839 | Best 0.4839
Epoch 002 | TrainLoss 0.1992 Acc 0.6343 | ValLoss 7.4218 Acc 0.6129 | Best 0.6129
Epoch 003 | TrainLoss 0.1210 Acc 0.6514 | ValLoss 0.7792 Acc 0.5806 | Best 0.6129
Epoch 004 | TrainLoss 0.1072 Acc 0.6743 | ValLoss 0.8573 Acc 0.5806 | Best 0.6129
Epoch 005 | TrainLoss 0.0885 Acc 0.7714 | ValLoss 0.6259 Acc 0.7419 | Best 0.7419
Epoch 006 | TrainLoss 0.0916 Acc 0.7943 | ValLoss 0.6642 Acc 0.6452 | Best 0.7419
Epoch 007 | TrainLoss 0.0778 Acc 0.8000 | ValLoss 0.6613 Acc 0.6774 | Best 0.7419
Epoch 008 | TrainLoss 0.0735 Acc 0.8571 | ValLoss 0.5633 Acc 0.7419 | Best 0.7419
Epoch 009 | TrainLoss 0.0726 Acc 0.8629 | ValLoss 0.5504 Acc 0.7742 | Best 0.7742
Epoch 010 | TrainLoss 0.0627 Acc 0.8857 | ValLoss 0.5269 Acc 0.7097 | Best 0.7742
Epoch 011 | TrainLoss 0.0590 Acc 0.9086 | ValLoss 0.5541 Acc 0.7742 | Best 0.7742
Epoch 012 | TrainLoss 0.0558 Acc 0.9314 | ValLoss 0.5510 Acc 0.7742 | Best 0.7742
Epoch 013 | TrainLoss 0.0530 Acc 0.9371 | ValLoss 0.5590 Acc 0.7742 | Best 0.7742
Epoch 014 | TrainLoss 0.0521 Acc 0.9371 | ValLoss 0.5935 Acc 0.8065 | Best 0.8065
Epoch 015 | TrainLoss 0.0463 Acc 0.9714 | ValLoss 0.5410 Acc 0.8065 | Best 0.8065
Epoch 016 | TrainLoss 0.0434 Acc 0.9886 | ValLoss 0.5991 Acc 0.7742 | Best 0.8065
Epoch 017 | TrainLoss 0.0430 Acc 0.9886 | ValLoss 0.6153 Acc 0.8387 | Best 0.8387
Epoch 018 | TrainLoss 0.0414 Acc 0.9829 | ValLoss 0.6249 Acc 0.8387 | Best 0.8387
Epoch 019 | TrainLoss 0.0440 Acc 0.9771 | ValLoss 0.6033 Acc 0.8065 | Best 0.8387
Epoch 020 | TrainLoss 0.0396 Acc 1.0000 | ValLoss 0.7890 Acc 0.6774 | Best 0.8387
Epoch 021 | TrainLoss 0.0427 Acc 0.9943 | ValLoss 0.6472 Acc 0.7742 | Best 0.8387
Epoch 022 | TrainLoss 0.0395 Acc 0.9943 | ValLoss 0.5442 Acc 0.7742 | Best 0.8387
Epoch 023 | TrainLoss 0.0393 Acc 1.0000 | ValLoss 0.6144 Acc 0.7742 | Best 0.8387
Epoch 024 | TrainLoss 0.0421 Acc 0.9886 | ValLoss 0.5879 Acc 0.7419 | Best 0.8387
Epoch 025 | TrainLoss 0.0395 Acc 1.0000 | ValLoss 0.5854 Acc 0.8065 | Best 0.8387
Epoch 026 | TrainLoss 0.0394 Acc 0.9943 | ValLoss 0.5896 Acc 0.7742 | Best 0.8387
Epoch 027 | TrainLoss 0.0378 Acc 1.0000 | ValLoss 0.6065 Acc 0.7742 | Best 0.8387
Epoch 028 | TrainLoss 0.0387 Acc 1.0000 | ValLoss 0.5725 Acc 0.7742 | Best 0.8387
Epoch 029 | TrainLoss 0.0381 Acc 0.9943 | ValLoss 0.5692 Acc 0.7742 | Best 0.8387
Epoch 030 | TrainLoss 0.0374 Acc 0.9943 | ValLoss 0.5856 Acc 0.7742 | Best 0.8387
Epoch 031 | TrainLoss 0.0398 Acc 0.9943 | ValLoss 0.6263 Acc 0.7742 | Best 0.8387
Epoch 001 | TrainLoss 1.5939 Acc 0.5143 | ValLoss 48.6226 Acc 0.4839 | Best 0.4839
Epoch 002 | TrainLoss 1.0957 Acc 0.5086 | ValLoss 18.1801 Acc 0.6774 | Best 0.6774
Epoch 003 | TrainLoss 0.2103 Acc 0.5829 | ValLoss 6.1741 Acc 0.5806 | Best 0.6774
Epoch 004 | TrainLoss 0.1445 Acc 0.6171 | ValLoss 2.6371 Acc 0.5806 | Best 0.6774
Epoch 001 | TrainLoss 0.5580 Acc 0.4914 | ValLoss 4.1750 Acc 0.4839 | Best 0.4839
Epoch 002 | TrainLoss 0.1288 Acc 0.6171 | ValLoss 5.4892 Acc 0.5806 | Best 0.5806
Epoch 003 | TrainLoss 0.1113 Acc 0.6457 | ValLoss 1.0803 Acc 0.6129 | Best 0.6129
Epoch 004 | TrainLoss 0.1010 Acc 0.7486 | ValLoss 0.7210 Acc 0.6452 | Best 0.6452
Epoch 001 | TrainLoss 0.5630 Acc 0.4629 | ValLoss 137.3564 Acc 0.4839 | Best 0.4839
Epoch 002 | TrainLoss 1.5911 Acc 0.5943 | ValLoss 28.1592 Acc 0.4839 | Best 0.4839
Epoch 003 | TrainLoss 0.3745 Acc 0.5943 | ValLoss 4.3586 Acc 0.5484 | Best 0.5484
Epoch 004 | TrainLoss 0.1482 Acc 0.6914 | ValLoss 1.8374 Acc 0.5484 | Best 0.5484
Epoch 001 | TrainLoss 0.1243 Acc 0.5714 | ValLoss 0.6535 Acc 0.6452 | Best 0.6452
Epoch 002 | TrainLoss 0.0843 Acc 0.8000 | ValLoss 0.6156 Acc 0.6129 | Best 0.6452
Epoch 003 | TrainLoss 0.0692 Acc 0.8629 | ValLoss 0.6039 Acc 0.6129 | Best 0.6452
Epoch 004 | TrainLoss 0.0602 Acc 0.9029 | ValLoss 0.4891 Acc 0.7097 | Best 0.7097
Epoch 001 | TrainLoss 1.0674 Acc 0.4686 | ValLoss 13.1590 Acc 0.4516 | Best 0.4516
Epoch 002 | TrainLoss 1.0170 Acc 0.4743 | ValLoss 30.5035 Acc 0.4839 | Best 0.4839
Epoch 003 | TrainLoss 0.1719 Acc 0.5771 | ValLoss 9.4678 Acc 0.5161 | Best 0.5161
Epoch 004 | TrainLoss 0.1147 Acc 0.6686 | ValLoss 3.0037 Acc 0.5806 | Best 0.5806
Epoch 001 | TrainLoss 0.2298 Acc 0.5200 | ValLoss 0.6924 Acc 0.6129 | Best 0.6129
Epoch 002 | TrainLoss 0.1107 Acc 0.6971 | ValLoss 0.5891 Acc 0.6452 | Best 0.6452
Epoch 003 | TrainLoss 0.0886 Acc 0.7886 | ValLoss 0.5355 Acc 0.7097 | Best 0.7097
Epoch 004 | TrainLoss 0.0770 Acc 0.8629 | ValLoss 0.5730 Acc 0.6774 | Best 0.7097
Epoch 005 | TrainLoss 0.0623 Acc 0.8914 | ValLoss 0.4883 Acc 0.8065 | Best 0.8065
Epoch 006 | TrainLoss 0.0558 Acc 0.9200 | ValLoss 0.4880 Acc 0.8065 | Best 0.8065
Epoch 007 | TrainLoss 0.0495 Acc 0.9657 | ValLoss 0.4235 Acc 0.8387 | Best 0.8387
Epoch 008 | TrainLoss 0.0490 Acc 0.9657 | ValLoss 0.4774 Acc 0.8065 | Best 0.8387
Epoch 009 | TrainLoss 0.0474 Acc 0.9543 | ValLoss 0.4340 Acc 0.8710 | Best 0.8710
Epoch 010 | TrainLoss 0.0437 Acc 0.9829 | ValLoss 0.4603 Acc 0.8710 | Best 0.8710
Epoch 011 | TrainLoss 0.0439 Acc 0.9886 | ValLoss 0.4031 Acc 0.8710 | Best 0.8710
Epoch 012 | TrainLoss 0.0415 Acc 1.0000 | ValLoss 0.4735 Acc 0.8065 | Best 0.8710
Epoch 013 | TrainLoss 0.0395 Acc 0.9943 | ValLoss 0.4766 Acc 0.8065 | Best 0.8710
Epoch 014 | TrainLoss 0.0400 Acc 0.9829 | ValLoss 0.4517 Acc 0.8387 | Best 0.8710
Epoch 015 | TrainLoss 0.0377 Acc 0.9943 | ValLoss 0.4104 Acc 0.8710 | Best 0.8710
Epoch 016 | TrainLoss 0.0386 Acc 0.9943 | ValLoss 0.4759 Acc 0.8065 | Best 0.8710
Epoch 017 | TrainLoss 0.0376 Acc 1.0000 | ValLoss 0.4279 Acc 0.8710 | Best 0.8710
Epoch 018 | TrainLoss 0.0372 Acc 0.9943 | ValLoss 0.4742 Acc 0.8387 | Best 0.8710
Epoch 019 | TrainLoss 0.0365 Acc 1.0000 | ValLoss 0.5060 Acc 0.8387 | Best 0.8710
Epoch 020 | TrainLoss 0.0355 Acc 1.0000 | ValLoss 0.4057 Acc 0.8710 | Best 0.8710
Epoch 021 | TrainLoss 0.0358 Acc 1.0000 | ValLoss 0.4264 Acc 0.8710 | Best 0.8710
Epoch 022 | TrainLoss 0.0356 Acc 1.0000 | ValLoss 0.4278 Acc 0.8710 | Best 0.8710
Epoch 023 | TrainLoss 0.0349 Acc 1.0000 | ValLoss 0.4101 Acc 0.8710 | Best 0.8710
Epoch 001 | TrainLoss 0.3126 Acc 0.5086 | ValLoss 0.7254 Acc 0.5161 | Best 0.5161
Epoch 002 | TrainLoss 0.1094 Acc 0.6171 | ValLoss 0.6051 Acc 0.6452 | Best 0.6452
Epoch 003 | TrainLoss 0.1002 Acc 0.6914 | ValLoss 0.5775 Acc 0.7419 | Best 0.7419
Epoch 004 | TrainLoss 0.0884 Acc 0.7943 | ValLoss 0.5869 Acc 0.6129 | Best 0.7419
Epoch 005 | TrainLoss 0.0786 Acc 0.8171 | ValLoss 0.5576 Acc 0.6774 | Best 0.7419
Epoch 006 | TrainLoss 0.0658 Acc 0.8971 | ValLoss 0.5096 Acc 0.8065 | Best 0.8065
Epoch 007 | TrainLoss 0.0608 Acc 0.9029 | ValLoss 0.4965 Acc 0.8065 | Best 0.8065
Epoch 008 | TrainLoss 0.0598 Acc 0.9143 | ValLoss 0.4654 Acc 0.8065 | Best 0.8065
Epoch 009 | TrainLoss 0.0506 Acc 0.9486 | ValLoss 0.4653 Acc 0.8387 | Best 0.8387
Epoch 010 | TrainLoss 0.0494 Acc 0.9429 | ValLoss 0.4255 Acc 0.8065 | Best 0.8387
Epoch 011 | TrainLoss 0.0446 Acc 0.9771 | ValLoss 0.4795 Acc 0.7742 | Best 0.8387
Epoch 012 | TrainLoss 0.0437 Acc 0.9829 | ValLoss 0.5549 Acc 0.8065 | Best 0.8387
Epoch 013 | TrainLoss 0.0444 Acc 0.9657 | ValLoss 0.5805 Acc 0.7742 | Best 0.8387
Epoch 014 | TrainLoss 0.0398 Acc 0.9943 | ValLoss 0.4893 Acc 0.8065 | Best 0.8387
Epoch 015 | TrainLoss 0.0407 Acc 0.9886 | ValLoss 0.5162 Acc 0.8065 | Best 0.8387
Epoch 016 | TrainLoss 0.0379 Acc 1.0000 | ValLoss 0.5290 Acc 0.8387 | Best 0.8387
Epoch 017 | TrainLoss 0.0366 Acc 1.0000 | ValLoss 0.4518 Acc 0.8065 | Best 0.8387
Epoch 018 | TrainLoss 0.0376 Acc 1.0000 | ValLoss 0.5382 Acc 0.8065 | Best 0.8387
Epoch 019 | TrainLoss 0.0367 Acc 1.0000 | ValLoss 0.5113 Acc 0.8387 | Best 0.8387
Epoch 020 | TrainLoss 0.0366 Acc 1.0000 | ValLoss 0.5381 Acc 0.8387 | Best 0.8387
Epoch 021 | TrainLoss 0.0359 Acc 1.0000 | ValLoss 0.5858 Acc 0.8065 | Best 0.8387
Epoch 022 | TrainLoss 0.0364 Acc 1.0000 | ValLoss 0.5545 Acc 0.8065 | Best 0.8387
Epoch 023 | TrainLoss 0.0359 Acc 1.0000 | ValLoss 0.5345 Acc 0.8065 | Best 0.8387
Epoch 001 | TrainLoss 0.3108 Acc 0.5200 | ValLoss 0.8724 Acc 0.4839 | Best 0.4839
Epoch 002 | TrainLoss 0.1429 Acc 0.5714 | ValLoss 0.6568 Acc 0.6452 | Best 0.6452
Epoch 003 | TrainLoss 0.0914 Acc 0.7657 | ValLoss 0.6731 Acc 0.6129 | Best 0.6452
Epoch 004 | TrainLoss 0.0810 Acc 0.8057 | ValLoss 0.6241 Acc 0.6452 | Best 0.6452
Epoch 005 | TrainLoss 0.0735 Acc 0.8571 | ValLoss 0.5658 Acc 0.7419 | Best 0.7419
Epoch 001 | TrainLoss 4.7063 Acc 0.4457 | ValLoss 26.8687 Acc 0.5161 | Best 0.5161
Epoch 002 | TrainLoss 2.2407 Acc 0.5943 | ValLoss 46.8701 Acc 0.6129 | Best 0.6129
Epoch 003 | TrainLoss 1.3141 Acc 0.5657 | ValLoss 18.8488 Acc 0.5806 | Best 0.6129
Epoch 004 | TrainLoss 0.6583 Acc 0.6971 | ValLoss 7.7640 Acc 0.4516 | Best 0.6129
Epoch 001 | TrainLoss 0.1119 Acc 0.6171 | ValLoss 0.6620 Acc 0.5161 | Best 0.5161
Epoch 002 | TrainLoss 0.1016 Acc 0.7714 | ValLoss 0.6454 Acc 0.6129 | Best 0.6129
Epoch 003 | TrainLoss 0.0744 Acc 0.8629 | ValLoss 0.5821 Acc 0.6774 | Best 0.6774
Epoch 004 | TrainLoss 0.0661 Acc 0.8857 | ValLoss 0.5735 Acc 0.7419 | Best 0.7419
Epoch 005 | TrainLoss 0.0614 Acc 0.9257 | ValLoss 0.5129 Acc 0.8065 | Best 0.8065
Epoch 006 | TrainLoss 0.0494 Acc 0.9543 | ValLoss 0.5594 Acc 0.7097 | Best 0.8065
Epoch 007 | TrainLoss 0.0442 Acc 0.9657 | ValLoss 0.4616 Acc 0.8387 | Best 0.8387
Epoch 008 | TrainLoss 0.0419 Acc 1.0000 | ValLoss 0.4076 Acc 0.8387 | Best 0.8387
Epoch 009 | TrainLoss 0.0396 Acc 0.9943 | ValLoss 0.3803 Acc 0.8710 | Best 0.8710
Epoch 010 | TrainLoss 0.0380 Acc 0.9943 | ValLoss 0.4529 Acc 0.8065 | Best 0.8710
Epoch 011 | TrainLoss 0.0371 Acc 1.0000 | ValLoss 0.4075 Acc 0.9032 | Best 0.9032
Epoch 012 | TrainLoss 0.0364 Acc 1.0000 | ValLoss 0.4796 Acc 0.8387 | Best 0.9032
Epoch 013 | TrainLoss 0.0357 Acc 1.0000 | ValLoss 0.4952 Acc 0.8065 | Best 0.9032
Epoch 014 | TrainLoss 0.0353 Acc 1.0000 | ValLoss 0.4751 Acc 0.9032 | Best 0.9032
Epoch 015 | TrainLoss 0.0354 Acc 1.0000 | ValLoss 0.4938 Acc 0.9032 | Best 0.9032
Epoch 016 | TrainLoss 0.0349 Acc 1.0000 | ValLoss 0.5803 Acc 0.8065 | Best 0.9032
Epoch 017 | TrainLoss 0.0351 Acc 1.0000 | ValLoss 0.4593 Acc 0.8710 | Best 0.9032
Epoch 018 | TrainLoss 0.0346 Acc 1.0000 | ValLoss 0.4699 Acc 0.8710 | Best 0.9032
Epoch 019 | TrainLoss 0.0351 Acc 1.0000 | ValLoss 0.4596 Acc 0.9032 | Best 0.9032
Epoch 020 | TrainLoss 0.0348 Acc 1.0000 | ValLoss 0.4370 Acc 0.9032 | Best 0.9032
Epoch 021 | TrainLoss 0.0347 Acc 1.0000 | ValLoss 0.4678 Acc 0.8387 | Best 0.9032
Epoch 022 | TrainLoss 0.0346 Acc 1.0000 | ValLoss 0.4632 Acc 0.8710 | Best 0.9032
Epoch 023 | TrainLoss 0.0347 Acc 1.0000 | ValLoss 0.4353 Acc 0.9032 | Best 0.9032
Epoch 024 | TrainLoss 0.0346 Acc 1.0000 | ValLoss 0.4692 Acc 0.8387 | Best 0.9032
Epoch 025 | TrainLoss 0.0346 Acc 1.0000 | ValLoss 0.4477 Acc 0.9032 | Best 0.9032
Epoch 001 | TrainLoss 0.2936 Acc 0.5086 | ValLoss 3.2879 Acc 0.5484 | Best 0.5484
Epoch 002 | TrainLoss 0.1177 Acc 0.5943 | ValLoss 1.0890 Acc 0.5161 | Best 0.5484
Epoch 003 | TrainLoss 0.0927 Acc 0.7600 | ValLoss 0.6638 Acc 0.6129 | Best 0.6129
Epoch 004 | TrainLoss 0.0927 Acc 0.7314 | ValLoss 0.6479 Acc 0.6129 | Best 0.6129
Epoch 005 | TrainLoss 0.0764 Acc 0.8400 | ValLoss 0.5838 Acc 0.7419 | Best 0.7419
Epoch 001 | TrainLoss 0.1673 Acc 0.5829 | ValLoss 0.6542 Acc 0.5806 | Best 0.5806
Epoch 002 | TrainLoss 0.1122 Acc 0.5829 | ValLoss 0.6106 Acc 0.6129 | Best 0.6129
Epoch 003 | TrainLoss 0.0847 Acc 0.7829 | ValLoss 0.5977 Acc 0.6452 | Best 0.6452
Epoch 004 | TrainLoss 0.0706 Acc 0.8343 | ValLoss 0.5600 Acc 0.6774 | Best 0.6774
Epoch 001 | TrainLoss 0.3074 Acc 0.5143 | ValLoss 3.9534 Acc 0.4839 | Best 0.4839
Epoch 002 | TrainLoss 0.1114 Acc 0.6343 | ValLoss 0.7114 Acc 0.5806 | Best 0.5806
Epoch 003 | TrainLoss 0.1167 Acc 0.6057 | ValLoss 0.6156 Acc 0.6452 | Best 0.6452
Epoch 004 | TrainLoss 0.0928 Acc 0.7486 | ValLoss 0.6545 Acc 0.6129 | Best 0.6452
Epoch 001 | TrainLoss 0.1240 Acc 0.5257 | ValLoss 0.6763 Acc 0.6129 | Best 0.6129
Epoch 002 | TrainLoss 0.0921 Acc 0.7486 | ValLoss 0.6470 Acc 0.6774 | Best 0.6774
Epoch 003 | TrainLoss 0.0775 Acc 0.8229 | ValLoss 0.6693 Acc 0.5806 | Best 0.6774
Epoch 004 | TrainLoss 0.0664 Acc 0.8914 | ValLoss 0.5659 Acc 0.7097 | Best 0.7097
Epoch 005 | TrainLoss 0.0577 Acc 0.9200 | ValLoss 0.5518 Acc 0.8065 | Best 0.8065
Epoch 006 | TrainLoss 0.0492 Acc 0.9486 | ValLoss 0.4646 Acc 0.8065 | Best 0.8065
Epoch 007 | TrainLoss 0.0504 Acc 0.9429 | ValLoss 0.4656 Acc 0.8387 | Best 0.8387
Epoch 008 | TrainLoss 0.0446 Acc 0.9714 | ValLoss 0.4878 Acc 0.8387 | Best 0.8387
Epoch 009 | TrainLoss 0.0399 Acc 0.9943 | ValLoss 0.5745 Acc 0.7419 | Best 0.8387
Epoch 010 | TrainLoss 0.0393 Acc 1.0000 | ValLoss 0.5184 Acc 0.7742 | Best 0.8387
Epoch 011 | TrainLoss 0.0376 Acc 1.0000 | ValLoss 0.5042 Acc 0.8065 | Best 0.8387
Epoch 012 | TrainLoss 0.0368 Acc 1.0000 | ValLoss 0.4440 Acc 0.8710 | Best 0.8710
Epoch 013 | TrainLoss 0.0371 Acc 1.0000 | ValLoss 0.4913 Acc 0.8065 | Best 0.8710
Epoch 014 | TrainLoss 0.0357 Acc 1.0000 | ValLoss 0.6322 Acc 0.6774 | Best 0.8710
Epoch 015 | TrainLoss 0.0362 Acc 1.0000 | ValLoss 0.4206 Acc 0.8710 | Best 0.8710
Epoch 016 | TrainLoss 0.0358 Acc 1.0000 | ValLoss 0.5315 Acc 0.8065 | Best 0.8710
Epoch 017 | TrainLoss 0.0367 Acc 1.0000 | ValLoss 0.4388 Acc 0.8387 | Best 0.8710
Epoch 018 | TrainLoss 0.0357 Acc 1.0000 | ValLoss 0.6004 Acc 0.6774 | Best 0.8710
Epoch 019 | TrainLoss 0.0350 Acc 1.0000 | ValLoss 0.4396 Acc 0.8710 | Best 0.8710
Epoch 020 | TrainLoss 0.0348 Acc 1.0000 | ValLoss 0.4881 Acc 0.8387 | Best 0.8710
Epoch 021 | TrainLoss 0.0347 Acc 1.0000 | ValLoss 0.5016 Acc 0.8387 | Best 0.8710
Epoch 022 | TrainLoss 0.0353 Acc 1.0000 | ValLoss 0.4575 Acc 0.8710 | Best 0.8710
Epoch 023 | TrainLoss 0.0345 Acc 1.0000 | ValLoss 0.5518 Acc 0.7742 | Best 0.8710
Epoch 024 | TrainLoss 0.0348 Acc 1.0000 | ValLoss 0.4182 Acc 0.8710 | Best 0.8710
Epoch 025 | TrainLoss 0.0343 Acc 1.0000 | ValLoss 0.4782 Acc 0.8387 | Best 0.8710
Epoch 026 | TrainLoss 0.0344 Acc 1.0000 | ValLoss 0.4557 Acc 0.8387 | Best 0.8710
Epoch 027 | TrainLoss 0.0339 Acc 1.0000 | ValLoss 0.4732 Acc 0.9032 | Best 0.9032
Epoch 028 | TrainLoss 0.0341 Acc 1.0000 | ValLoss 0.5071 Acc 0.8065 | Best 0.9032
Epoch 029 | TrainLoss 0.0342 Acc 1.0000 | ValLoss 0.4709 Acc 0.9032 | Best 0.9032
Epoch 030 | TrainLoss 0.0338 Acc 1.0000 | ValLoss 0.4844 Acc 0.8387 | Best 0.9032
Epoch 031 | TrainLoss 0.0339 Acc 1.0000 | ValLoss 0.4869 Acc 0.9032 | Best 0.9032
Epoch 032 | TrainLoss 0.0339 Acc 1.0000 | ValLoss 0.4746 Acc 0.9032 | Best 0.9032
Epoch 033 | TrainLoss 0.0340 Acc 1.0000 | ValLoss 0.4627 Acc 0.8710 | Best 0.9032
Epoch 034 | TrainLoss 0.0337 Acc 1.0000 | ValLoss 0.5035 Acc 0.8387 | Best 0.9032
Epoch 035 | TrainLoss 0.0337 Acc 1.0000 | ValLoss 0.4891 Acc 0.8065 | Best 0.9032
Epoch 036 | TrainLoss 0.0339 Acc 1.0000 | ValLoss 0.4767 Acc 0.8710 | Best 0.9032
Epoch 037 | TrainLoss 0.0338 Acc 1.0000 | ValLoss 0.4903 Acc 0.8387 | Best 0.9032
Epoch 038 | TrainLoss 0.0337 Acc 1.0000 | ValLoss 0.4895 Acc 0.8387 | Best 0.9032
Epoch 039 | TrainLoss 0.0339 Acc 1.0000 | ValLoss 0.4765 Acc 0.9032 | Best 0.9032
Epoch 040 | TrainLoss 0.0337 Acc 1.0000 | ValLoss 0.4721 Acc 0.8387 | Best 0.9032
Epoch 041 | TrainLoss 0.0338 Acc 1.0000 | ValLoss 0.5192 Acc 0.8710 | Best 0.9032
Epoch 001 | TrainLoss 0.3222 Acc 0.4914 | ValLoss 0.6886 Acc 0.5161 | Best 0.5161
Epoch 002 | TrainLoss 0.1157 Acc 0.5829 | ValLoss 0.7443 Acc 0.4839 | Best 0.5161
Epoch 003 | TrainLoss 0.1189 Acc 0.5257 | ValLoss 0.6688 Acc 0.5484 | Best 0.5484
Epoch 004 | TrainLoss 0.1072 Acc 0.6057 | ValLoss 0.6367 Acc 0.6774 | Best 0.6774
